<?php return array (
  0 => 'Symfony\\Bundle\\FrameworkBundle\\Controller\\AbstractController',
  1 => 'App\\CmsBundle\\Controller\\ApiController',
  2 => 'App\\CmsBundle\\Controller\\CalendarController',
  3 => 'App\\CmsBundle\\Controller\\CommandcontrolController',
  4 => 'App\\CmsBundle\\Controller\\CronTaskController',
  5 => 'App\\CmsBundle\\Controller\\DefaultController',
  6 => 'App\\CmsBundle\\Controller\\ErrorController',
  7 => 'App\\CmsBundle\\Controller\\IntegrationsController',
  8 => 'App\\CmsBundle\\Controller\\JsonController',
  9 => 'App\\CmsBundle\\Controller\\LinkController',
  10 => 'App\\CmsBundle\\Controller\\LoginController',
  11 => 'App\\CmsBundle\\Controller\\MailController',
  12 => 'App\\CmsBundle\\Controller\\MaintenanceController',
  13 => 'App\\CmsBundle\\Controller\\MediaController',
  14 => 'App\\CmsBundle\\Controller\\MetadataController',
  15 => 'App\\CmsBundle\\Controller\\MonitorController',
  16 => 'App\\CmsBundle\\Controller\\MultisiteController',
  17 => 'App\\CmsBundle\\Controller\\NavigationController',
  18 => 'App\\CmsBundle\\Controller\\PageController',
  19 => 'App\\CmsBundle\\Controller\\RedirectsController',
  20 => 'App\\CmsBundle\\Controller\\SettingsController',
  21 => 'App\\CmsBundle\\Controller\\SitemapController',
  22 => 'App\\CmsBundle\\Controller\\StorageController',
  23 => 'App\\CmsBundle\\Controller\\SystemController',
  24 => 'App\\CmsBundle\\Controller\\TagController',
  25 => 'App\\CmsBundle\\Controller\\TrashController',
  26 => 'App\\CmsBundle\\Controller\\UpdateController',
  27 => 'App\\CmsBundle\\Controller\\UsersController',
  28 => 'App\\CmsBundle\\Entity\\Block',
  29 => 'App\\CmsBundle\\Entity\\Clientdomain',
  30 => 'App\\CmsBundle\\Entity\\Clientrequest',
  31 => 'App\\CmsBundle\\Entity\\CronTask',
  32 => 'App\\CmsBundle\\Entity\\Event',
  33 => 'App\\CmsBundle\\Entity\\EventTodo',
  34 => 'App\\CmsBundle\\Entity\\Integrations',
  35 => 'App\\CmsBundle\\Entity\\Ipcheck',
  36 => 'App\\CmsBundle\\Entity\\Language',
  37 => 'App\\CmsBundle\\Entity\\LanguageToken',
  38 => 'App\\CmsBundle\\Entity\\LanguageTranslation',
  39 => 'App\\CmsBundle\\Entity\\Layout',
  40 => 'App\\CmsBundle\\Entity\\Log',
  41 => 'App\\CmsBundle\\Entity\\Mail',
  42 => 'App\\CmsBundle\\Entity\\Media',
  43 => 'App\\CmsBundle\\Entity\\Mediadir',
  44 => 'App\\CmsBundle\\Entity\\Metatag',
  45 => 'App\\CmsBundle\\Entity\\Navigation',
  46 => 'App\\CmsBundle\\Entity\\NavigationItem',
  47 => 'App\\CmsBundle\\Entity\\Page',
  48 => 'App\\CmsBundle\\Entity\\PageBlock',
  49 => 'App\\CmsBundle\\Entity\\PageBlockMedia',
  50 => 'App\\CmsBundle\\Entity\\PageBlockWrapper',
  51 => 'App\\CmsBundle\\Entity\\PageContent',
  52 => 'App\\CmsBundle\\Entity\\PageInterface',
  53 => 'App\\CmsBundle\\Entity\\PageMetatag',
  54 => 'App\\CmsBundle\\Entity\\PageScore',
  55 => 'App\\CmsBundle\\Entity\\PageVersion',
  56 => 'App\\CmsBundle\\Entity\\ProfileField',
  57 => 'App\\CmsBundle\\Entity\\Settings',
  58 => 'App\\CmsBundle\\Entity\\Tag',
  59 => 'App\\CmsBundle\\Entity\\User',
  60 => 'App\\CmsBundle\\Entity\\UserProfile',
  61 => 'App\\Trinity\\ApiBundle\\Controller\\AdminController',
  62 => 'App\\Trinity\\ApiBundle\\Controller\\DefaultController',
  63 => 'App\\Trinity\\ApiBundle\\Controller\\InflectController',
  64 => 'App\\Trinity\\ApiBundle\\Entity\\AccessToken',
  65 => 'App\\Trinity\\ApiBundle\\Entity\\AuthCode',
  66 => 'App\\Trinity\\ApiBundle\\Entity\\Client',
  67 => 'App\\Trinity\\ApiBundle\\Entity\\RefreshToken',
  68 => 'App\\Trinity\\BlogBundle\\Controller\\BlogController',
  69 => 'App\\Trinity\\BlogBundle\\Controller\\EntryController',
  70 => 'App\\Trinity\\BlogBundle\\Entity\\Blog',
  71 => 'App\\Trinity\\BlogBundle\\Entity\\Category',
  72 => 'App\\Trinity\\BlogBundle\\Entity\\Entry',
  73 => 'App\\Trinity\\BlogBundle\\Entity\\Mailreply',
  74 => 'App\\Trinity\\BlogBundle\\Entity\\Metatag',
  75 => 'App\\Trinity\\BlogBundle\\Entity\\Reply',
  76 => 'App\\Trinity\\FormsBundle\\Controller\\FormsController',
  77 => 'App\\Trinity\\FormsBundle\\Entity\\Answer',
  78 => 'App\\Trinity\\FormsBundle\\Entity\\Form',
  79 => 'App\\Trinity\\FormsBundle\\Entity\\Metatag',
  80 => 'App\\Trinity\\FormsBundle\\Entity\\Question',
  81 => 'App\\Trinity\\FormsBundle\\Entity\\Session',
  82 => 'App\\Trinity\\SearchBundle\\Controller\\SearchController',
  83 => 'App\\Trinity\\SearchBundle\\Entity\\SearchIndex',
  84 => 'App\\Trinity\\SliderBundle\\Controller\\EntryController',
  85 => 'App\\Trinity\\SliderBundle\\Controller\\SliderController',
  86 => 'App\\Trinity\\SliderBundle\\Entity\\Entry',
  87 => 'App\\Trinity\\SliderBundle\\Entity\\Slider',
  88 => 'Doctrine\\Bundle\\DoctrineBundle\\Controller\\ProfilerController',
  89 => 'Doctrine\\ORM\\Cache\\Persister\\Entity\\AbstractEntityPersister',
  90 => 'Doctrine\\ORM\\Cache\\Persister\\Entity\\CachedEntityPersister',
  91 => 'Doctrine\\ORM\\Cache\\Persister\\Entity\\NonStrictReadWriteCachedEntityPersister',
  92 => 'Doctrine\\ORM\\Cache\\Persister\\Entity\\ReadOnlyCachedEntityPersister',
  93 => 'Doctrine\\ORM\\Cache\\Persister\\Entity\\ReadWriteCachedEntityPersister',
  94 => 'Doctrine\\ORM\\Persisters\\Entity\\AbstractEntityInheritancePersister',
  95 => 'Doctrine\\ORM\\Persisters\\Entity\\BasicEntityPersister',
  96 => 'Doctrine\\ORM\\Persisters\\Entity\\CachedPersisterContext',
  97 => 'Doctrine\\ORM\\Persisters\\Entity\\EntityPersister',
  98 => 'Doctrine\\ORM\\Persisters\\Entity\\JoinedSubclassPersister',
  99 => 'Doctrine\\ORM\\Persisters\\Entity\\SingleTablePersister',
  100 => 'FOS\\OAuthServerBundle\\Controller\\AuthorizeController',
  101 => 'FOS\\OAuthServerBundle\\Controller\\TokenController',
  102 => 'FOS\\OAuthServerBundle\\Entity\\AccessToken',
  103 => 'FOS\\OAuthServerBundle\\Entity\\AccessTokenManager',
  104 => 'FOS\\OAuthServerBundle\\Entity\\AuthCode',
  105 => 'FOS\\OAuthServerBundle\\Entity\\AuthCodeManager',
  106 => 'FOS\\OAuthServerBundle\\Entity\\Client',
  107 => 'FOS\\OAuthServerBundle\\Entity\\ClientManager',
  108 => 'FOS\\OAuthServerBundle\\Entity\\RefreshToken',
  109 => 'FOS\\OAuthServerBundle\\Entity\\RefreshTokenManager',
  110 => 'FOS\\OAuthServerBundle\\Entity\\TokenManager',
  111 => 'FOS\\RestBundle\\Controller\\AbstractFOSRestController',
  112 => 'FOS\\RestBundle\\Controller\\Annotations\\AbstractParam',
  113 => 'FOS\\RestBundle\\Controller\\Annotations\\AbstractScalarParam',
  114 => 'FOS\\RestBundle\\Controller\\Annotations\\Copy',
  115 => 'FOS\\RestBundle\\Controller\\Annotations\\Delete',
  116 => 'FOS\\RestBundle\\Controller\\Annotations\\FileParam',
  117 => 'FOS\\RestBundle\\Controller\\Annotations\\Get',
  118 => 'FOS\\RestBundle\\Controller\\Annotations\\Head',
  119 => 'FOS\\RestBundle\\Controller\\Annotations\\Link',
  120 => 'FOS\\RestBundle\\Controller\\Annotations\\Lock',
  121 => 'FOS\\RestBundle\\Controller\\Annotations\\Mkcol',
  122 => 'FOS\\RestBundle\\Controller\\Annotations\\Move',
  123 => 'FOS\\RestBundle\\Controller\\Annotations\\Options',
  124 => 'FOS\\RestBundle\\Controller\\Annotations\\ParamInterface',
  125 => 'FOS\\RestBundle\\Controller\\Annotations\\Patch',
  126 => 'FOS\\RestBundle\\Controller\\Annotations\\Post',
  127 => 'FOS\\RestBundle\\Controller\\Annotations\\PropFind',
  128 => 'FOS\\RestBundle\\Controller\\Annotations\\PropPatch',
  129 => 'FOS\\RestBundle\\Controller\\Annotations\\Put',
  130 => 'FOS\\RestBundle\\Controller\\Annotations\\QueryParam',
  131 => 'FOS\\RestBundle\\Controller\\Annotations\\RequestParam',
  132 => 'FOS\\RestBundle\\Controller\\Annotations\\Route',
  133 => 'FOS\\RestBundle\\Controller\\Annotations\\Unlink',
  134 => 'FOS\\RestBundle\\Controller\\Annotations\\Unlock',
  135 => 'FOS\\RestBundle\\Controller\\Annotations\\View',
  136 => 'FOS\\RestBundle\\Controller\\ControllerTrait',
  137 => 'Nelmio\\ApiDocBundle\\Controller\\DocumentationController',
  138 => 'Nelmio\\ApiDocBundle\\Controller\\SwaggerUiController',
  139 => 'Nelmio\\ApiDocBundle\\Controller\\YamlDocumentationController',
  140 => 'Qipsius\\TCPDFBundle\\Controller\\TCPDFController',
  141 => 'Scheb\\TwoFactorBundle\\Controller\\FormController',
  143 => 'Symfony\\Bundle\\FrameworkBundle\\Controller\\ControllerResolver',
  144 => 'Symfony\\Bundle\\FrameworkBundle\\Controller\\RedirectController',
  145 => 'Symfony\\Bundle\\FrameworkBundle\\Controller\\TemplateController',
  146 => 'Symfony\\Bundle\\WebProfilerBundle\\Controller\\ExceptionPanelController',
  147 => 'Symfony\\Bundle\\WebProfilerBundle\\Controller\\ProfilerController',
  148 => 'Symfony\\Bundle\\WebProfilerBundle\\Controller\\RouterController',
  149 => 'Symfony\\Component\\HttpKernel\\Controller\\ArgumentResolver',
  150 => 'Symfony\\Component\\HttpKernel\\Controller\\ArgumentResolverInterface',
  151 => 'Symfony\\Component\\HttpKernel\\Controller\\ArgumentResolver\\DefaultValueResolver',
  152 => 'Symfony\\Component\\HttpKernel\\Controller\\ArgumentResolver\\NotTaggedControllerValueResolver',
  153 => 'Symfony\\Component\\HttpKernel\\Controller\\ArgumentResolver\\RequestAttributeValueResolver',
  154 => 'Symfony\\Component\\HttpKernel\\Controller\\ArgumentResolver\\RequestValueResolver',
  155 => 'Symfony\\Component\\HttpKernel\\Controller\\ArgumentResolver\\ServiceValueResolver',
  156 => 'Symfony\\Component\\HttpKernel\\Controller\\ArgumentResolver\\SessionValueResolver',
  157 => 'Symfony\\Component\\HttpKernel\\Controller\\ArgumentResolver\\TraceableValueResolver',
  158 => 'Symfony\\Component\\HttpKernel\\Controller\\ArgumentResolver\\VariadicValueResolver',
  159 => 'Symfony\\Component\\HttpKernel\\Controller\\ArgumentValueResolverInterface',
  160 => 'Symfony\\Component\\HttpKernel\\Controller\\ContainerControllerResolver',
  161 => 'Symfony\\Component\\HttpKernel\\Controller\\ControllerReference',
  162 => 'Symfony\\Component\\HttpKernel\\Controller\\ControllerResolver',
  163 => 'Symfony\\Component\\HttpKernel\\Controller\\ControllerResolverInterface',
  164 => 'Symfony\\Component\\HttpKernel\\Controller\\ErrorController',
  165 => 'Symfony\\Component\\HttpKernel\\Controller\\TraceableArgumentResolver',
  166 => 'Symfony\\Component\\HttpKernel\\Controller\\TraceableControllerResolver',
  167 => 'Symfony\\Component\\Security\\Http\\Controller\\UserValueResolver',
);